{
  "id": 1,
  "en_answers": "step 1",
  "ru_answers": "шаг 1",
  "ru_question": null,
  "ru_help": null,
  "en_question": null,
  "en_help": null
}
