[{"id":0,"slug":"0","units":[{"id":0,"slug":"0","random_steps_order":false},{"id":1,"slug":"1","random_steps_order":false},{"id":2,"slug":"2","random_steps_order":false}]},{"id":1,"slug":"1","units":[{"id":3,"slug":"3","random_steps_order":false},{"id":4,"slug":"4","random_steps_order":false},{"id":5,"slug":"5","random_steps_order":false}]},{"id":2,"slug":"2","units":[{"id":6,"slug":"6","random_steps_order":false},{"id":7,"slug":"7","random_steps_order":false},{"id":8,"slug":"8","random_steps_order":false}]}]